// Jest Snapshot v1, https://goo.gl/fbAQLP

exports[`App renders the app as expected 1`] = `
<div
  className="top-hacker-news-items__container container"
>
  <div
    className="top-hacker-news-items__spinner row"
  >
    <div
      className="spinner-border"
      role="status"
    >
      <span
        className="sr-only"
      >
        Loading...
      </span>
    </div>
  </div>
</div>
`;
